// Jest Snapshot v1, https://goo.gl/fbAQLP

exports[`App component renders correctly 1`] = `
<DocumentFragment>
  <div
    class="App"
  >
    <div
      class="homeBcg MuiBox-root css-1k6ezy6"
    >
      <div
        class="MuiFormControl-root MuiTextField-root css-3k4p6m-MuiFormControl-root-MuiTextField-root"
      >
        <label
          class="MuiInputLabel-root MuiInputLabel-formControl MuiInputLabel-animated MuiInputLabel-outlined MuiFormLabel-root MuiFormLabel-colorPrimary css-14s5rfu-MuiFormLabel-root-MuiInputLabel-root"
          data-shrink="false"
          for=":r0:"
          id=":r0:-label"
        >
          Rechercher un joueur
        </label>
        <div
          class="MuiOutlinedInput-root MuiInputBase-root MuiInputBase-colorPrimary MuiInputBase-formControl css-9ddj71-MuiInputBase-root-MuiOutlinedInput-root"
        >
          <input
            aria-invalid="false"
            class="MuiOutlinedInput-input MuiInputBase-input css-1t8l2tu-MuiInputBase-input-MuiOutlinedInput-input"
            id=":r0:"
            type="text"
            value=""
          />
          <fieldset
            aria-hidden="true"
            class="MuiOutlinedInput-notchedOutline css-1d3z3hw-MuiOutlinedInput-notchedOutline"
          >
            <legend
              class="css-1ftyaf0"
            >
              <span>
                Rechercher un joueur
              </span>
            </legend>
          </fieldset>
        </div>
      </div>
    </div>
  </div>
</DocumentFragment>
`;
